// Jest Snapshot v1, https://goo.gl/fbAQLP

exports[`Help component Displays the 'Result' component when rendered 1`] = `
<BrowserRouter>
  <Router
    history={
      Object {
        "action": "POP",
        "block": [Function],
        "createHref": [Function],
        "go": [Function],
        "goBack": [Function],
        "goForward": [Function],
        "length": 1,
        "listen": [Function],
        "location": Object {
          "hash": "",
          "pathname": "/",
          "search": "",
          "state": undefined,
        },
        "push": [Function],
        "replace": [Function],
      }
    }
  >
    <withRouter(Result)>
      <Route>
        <Result
          game={null}
          history={
            Object {
              "action": "POP",
              "block": [Function],
              "createHref": [Function],
              "go": [Function],
              "goBack": [Function],
              "goForward": [Function],
              "length": 1,
              "listen": [Function],
              "location": Object {
                "hash": "",
                "pathname": "/",
                "search": "",
                "state": undefined,
              },
              "push": [Function],
              "replace": [Function],
            }
          }
          location={
            Object {
              "hash": "",
              "pathname": "/",
              "search": "",
              "state": undefined,
            }
          }
          match={
            Object {
              "isExact": true,
              "params": Object {},
              "path": "/",
              "url": "/",
            }
          }
          player={null}
        >
          <div
            className="result"
          >
            <withRouter(Header)>
              <Route>
                <Header
                  history={
                    Object {
                      "action": "POP",
                      "block": [Function],
                      "createHref": [Function],
                      "go": [Function],
                      "goBack": [Function],
                      "goForward": [Function],
                      "length": 1,
                      "listen": [Function],
                      "location": Object {
                        "hash": "",
                        "pathname": "/",
                        "search": "",
                        "state": undefined,
                      },
                      "push": [Function],
                      "replace": [Function],
                    }
                  }
                  location={
                    Object {
                      "hash": "",
                      "pathname": "/",
                      "search": "",
                      "state": undefined,
                    }
                  }
                  match={
                    Object {
                      "isExact": true,
                      "params": Object {},
                      "path": "/",
                      "url": "/",
                    }
                  }
                >
                  <div>
                    <Banner>
                      <div
                        className="banner"
                      >
                        <h1>
                          BATTLESHIP
                        </h1>
                      </div>
                    </Banner>
                    <header
                      className="main-header"
                    >
                      <ForwardRef
                        onClick={[Function]}
                      >
                        <button
                          className="Button"
                          onClick={[Function]}
                        >
                           Dashboard
                        </button>
                      </ForwardRef>
                      <ForwardRef
                        onClick={[Function]}
                      >
                        <button
                          className="Button"
                          onClick={[Function]}
                        >
                           Help
                        </button>
                      </ForwardRef>
                      <ForwardRef
                        onClick={[Function]}
                      >
                        <button
                          className="Button"
                          onClick={[Function]}
                        >
                          Logout
                        </button>
                      </ForwardRef>
                    </header>
                  </div>
                </Header>
              </Route>
            </withRouter(Header)>
            <h1>
              Result
            </h1>
            <ul
              className="results-ul"
            >
              <li>
                <span
                  className="results-left"
                >
                  Winner: 
                </span>
                <span
                  className="results-right"
                />
              </li>
              <li>
                <span
                  className="results-left"
                >
                  Loser: 
                </span>
                <span
                  className="results-right"
                />
              </li>
              <li>
                <span
                  className="results-left"
                >
                  Hit Ratio: 
                </span>
                <span
                  className="results-right"
                >
                  0.00
                  %
                </span>
              </li>
              <li>
                <span
                  className="results-left"
                >
                  Shots Fired: 
                </span>
                <span
                  className="results-right"
                />
              </li>
              <li>
                <span
                  className="results-left"
                >
                  Shots Hit: 
                </span>
                <span
                  className="results-right"
                />
              </li>
              <li>
                <span
                  className="results-left"
                >
                  Shots Missed: 
                </span>
                <span
                  className="results-right"
                />
              </li>
            </ul>
            <ForwardRef
              onClick={[Function]}
            >
              <button
                className="Button"
                onClick={[Function]}
              >
                 Exit
              </button>
            </ForwardRef>
            <Footer>
              <footer>
                Copyright Â© since 2020
              </footer>
            </Footer>
          </div>
        </Result>
      </Route>
    </withRouter(Result)>
  </Router>
</BrowserRouter>
`;
