// Jest Snapshot v1, https://goo.gl/fbAQLP

exports[`Button Component Displays a button 1`] = `
<button
  className="Button"
/>
`;
