// Jest Snapshot v1, https://goo.gl/fbAQLP

exports[`Footer component Displays the Footer component when rendered 1`] = `
<footer>
  Copyright Â© since 2020
</footer>
`;
