// Jest Snapshot v1, https://goo.gl/fbAQLP

exports[`Help component Displays the Help component when rendered 1`] = `
<BrowserRouter>
  <Router
    history={
      Object {
        "action": "POP",
        "block": [Function],
        "createHref": [Function],
        "go": [Function],
        "goBack": [Function],
        "goForward": [Function],
        "length": 1,
        "listen": [Function],
        "location": Object {
          "hash": "",
          "pathname": "/",
          "search": "",
          "state": undefined,
        },
        "push": [Function],
        "replace": [Function],
      }
    }
  >
    <withRouter(Help)>
      <Route>
        <Help
          history={
            Object {
              "action": "POP",
              "block": [Function],
              "createHref": [Function],
              "go": [Function],
              "goBack": [Function],
              "goForward": [Function],
              "length": 1,
              "listen": [Function],
              "location": Object {
                "hash": "",
                "pathname": "/",
                "search": "",
                "state": undefined,
              },
              "push": [Function],
              "replace": [Function],
            }
          }
          location={
            Object {
              "hash": "",
              "pathname": "/",
              "search": "",
              "state": undefined,
            }
          }
          match={
            Object {
              "isExact": true,
              "params": Object {},
              "path": "/",
              "url": "/",
            }
          }
        >
          <div>
            <withRouter(Header)>
              <Route>
                <Header
                  history={
                    Object {
                      "action": "POP",
                      "block": [Function],
                      "createHref": [Function],
                      "go": [Function],
                      "goBack": [Function],
                      "goForward": [Function],
                      "length": 1,
                      "listen": [Function],
                      "location": Object {
                        "hash": "",
                        "pathname": "/",
                        "search": "",
                        "state": undefined,
                      },
                      "push": [Function],
                      "replace": [Function],
                    }
                  }
                  location={
                    Object {
                      "hash": "",
                      "pathname": "/",
                      "search": "",
                      "state": undefined,
                    }
                  }
                  match={
                    Object {
                      "isExact": true,
                      "params": Object {},
                      "path": "/",
                      "url": "/",
                    }
                  }
                >
                  <div>
                    <Banner>
                      <div
                        className="banner"
                      >
                        <h1>
                          BATTLESHIP
                        </h1>
                      </div>
                    </Banner>
                    <header
                      className="main-header"
                    >
                      <ForwardRef
                        onClick={[Function]}
                      >
                        <button
                          className="Button"
                          onClick={[Function]}
                        >
                           Dashboard
                        </button>
                      </ForwardRef>
                      <ForwardRef
                        onClick={[Function]}
                      >
                        <button
                          className="Button"
                          onClick={[Function]}
                        >
                           Help
                        </button>
                      </ForwardRef>
                      <ForwardRef
                        onClick={[Function]}
                      >
                        <button
                          className="Button"
                          onClick={[Function]}
                        >
                          Logout
                        </button>
                      </ForwardRef>
                    </header>
                  </div>
                </Header>
              </Route>
            </withRouter(Header)>
            <div
              className="help"
            >
              <h1>
                Help
              </h1>
              <div
                className="helpIB"
              >
                <h2>
                  Instructions
                </h2>
                <p>
                  Key:
                </p>
                <div
                  className="key"
                >
                  <div>
                    <div
                      className="cell"
                    />
                    <p>
                      Open Target
                    </p>
                  </div>
                  <div>
                    <div
                      className="cell selected"
                    />
                    <p>
                      Selected Target
                    </p>
                  </div>
                  <div>
                    <div
                      className="cell hit"
                    />
                    <p>
                      Hit Target
                    </p>
                  </div>
                  <div>
                    <div
                      className="cell miss"
                    />
                    <p>
                      Missed Target
                    </p>
                  </div>
                  <div>
                    <div
                      className="cell ship"
                    />
                    <p>
                      Ship Location
                    </p>
                  </div>
                  <div>
                    <div
                      className="cell sunk"
                    />
                    <p>
                      Sunken Ship
                    </p>
                  </div>
                </div>
                <h3>
                  How to play
                </h3>
                <ol>
                  <li>
                    1. Once both users have set their ships the match starts
                  </li>
                  <li>
                    2. Players will take turns 'firing' upon eachother's ships attempting to 'sink' them
                  </li>
                  <li>
                    3. Once one player has 'sunk' all of their opponent's ships the player wins
                  </li>
                </ol>
                <h3>
                  New Game
                </h3>
                <ol>
                  <li>
                    1. If you want to start a new game, then select "Start a New Game". 
                  </li>
                  <li>
                    2. Place each of your five ships one at a time on the grid.
                  </li>
                  <ul>
                    <li>
                      To do so select an origin point. This is done by either clicking a tile on the grid or using the dropdown selectors
                    </li>
                    <li>
                      Also set an alignment through use of the button labeled either 'Horizontal' or 'Vertical'. By clicking this button you may cycle between the two alignments.  The alignment shown is the chosen alignment.
                    </li>
                    <li>
                      Once the green outline matches where you wish to place your ship you may click the submit button to set the ship
                    </li>
                  </ul>
                  <li>
                    3. Once both players have set their ships the match begins.
                  </li>
                </ol>
                <h3>
                  Resuming an active game
                </h3>
                <ol>
                  <li>
                    1. To resume a game its as easy as clicking the 'Resume Game' button on the game you wish to enter.
                  </li>
                  <li>
                    2. Take note that not all games will have an opponent to start off with as we wait to match you against another person.
                  </li>
                  <li>
                    3. Games where it is your turn to move are nearer to the top.
                  </li>
                </ol>
                <h3>
                  Forfeiting a match
                </h3>
                <ol>
                  <li>
                    1. If you no longer wish to continue a match you may select the 'Quit Game' button then the 'Quit Game Now' button from the dashboard.
                  </li>
                </ol>
              </div>
              <ForwardRef
                onClick={[Function]}
              >
                <button
                  className="Button"
                  onClick={[Function]}
                >
                   Back
                </button>
              </ForwardRef>
              <Footer>
                <footer>
                  Copyright Â© since 2020
                </footer>
              </Footer>
            </div>
          </div>
        </Help>
      </Route>
    </withRouter(Help)>
  </Router>
</BrowserRouter>
`;
