// Jest Snapshot v1, https://goo.gl/fbAQLP

exports[`GameBoard component Displays the Gameboard component (Container for UserGrid, OpponentGrid, Chat) 1`] = `
<BrowserRouter>
  <Router
    history={
      Object {
        "action": "POP",
        "block": [Function],
        "createHref": [Function],
        "go": [Function],
        "goBack": [Function],
        "goForward": [Function],
        "length": 1,
        "listen": [Function],
        "location": Object {
          "hash": "",
          "pathname": "/",
          "search": "",
          "state": undefined,
        },
        "push": [Function],
        "replace": [Function],
      }
    }
  >
    <withRouter(GameBoard)
      gameData={
        Object {
          "currentUser": null,
          "gameId": null,
          "opponentHits": Array [],
          "opponentMisses": Array [],
          "opponentShips": null,
          "resumedGame": null,
          "room_id": null,
          "shipTileValues": Array [],
          "shipsReady": null,
          "turn": null,
          "userHits": Array [],
          "userMisses": Array [],
          "userShips": Array [],
        }
      }
    >
      <Route>
        <GameBoard
          gameData={
            Object {
              "currentUser": null,
              "gameId": null,
              "opponentHits": Array [],
              "opponentMisses": Array [],
              "opponentShips": null,
              "resumedGame": null,
              "room_id": null,
              "shipTileValues": Array [],
              "shipsReady": null,
              "turn": null,
              "userHits": Array [],
              "userMisses": Array [],
              "userShips": Array [],
            }
          }
          history={
            Object {
              "action": "POP",
              "block": [Function],
              "createHref": [Function],
              "go": [Function],
              "goBack": [Function],
              "goForward": [Function],
              "length": 1,
              "listen": [Function],
              "location": Object {
                "hash": "",
                "pathname": "/",
                "search": "",
                "state": undefined,
              },
              "push": [Function],
              "replace": [Function],
            }
          }
          location={
            Object {
              "hash": "",
              "pathname": "/",
              "search": "",
              "state": undefined,
            }
          }
          match={
            Object {
              "isExact": true,
              "params": Object {},
              "path": "/",
              "url": "/",
            }
          }
        >
          <div
            className="gameroom"
          >
            <withRouter(Header)>
              <Route>
                <Header
                  history={
                    Object {
                      "action": "POP",
                      "block": [Function],
                      "createHref": [Function],
                      "go": [Function],
                      "goBack": [Function],
                      "goForward": [Function],
                      "length": 1,
                      "listen": [Function],
                      "location": Object {
                        "hash": "",
                        "pathname": "/",
                        "search": "",
                        "state": undefined,
                      },
                      "push": [Function],
                      "replace": [Function],
                    }
                  }
                  location={
                    Object {
                      "hash": "",
                      "pathname": "/",
                      "search": "",
                      "state": undefined,
                    }
                  }
                  match={
                    Object {
                      "isExact": true,
                      "params": Object {},
                      "path": "/",
                      "url": "/",
                    }
                  }
                >
                  <div>
                    <Banner>
                      <div
                        className="banner"
                      >
                        <h1>
                          BATTLESHIP
                        </h1>
                      </div>
                    </Banner>
                    <header
                      className="main-header"
                    >
                      <ForwardRef
                        onClick={[Function]}
                      >
                        <button
                          className="Button"
                          onClick={[Function]}
                        >
                           Dashboard
                        </button>
                      </ForwardRef>
                      <ForwardRef
                        onClick={[Function]}
                      >
                        <button
                          className="Button"
                          onClick={[Function]}
                        >
                           Help
                        </button>
                      </ForwardRef>
                      <ForwardRef
                        onClick={[Function]}
                      >
                        <button
                          className="Button"
                          onClick={[Function]}
                        >
                          Logout
                        </button>
                      </ForwardRef>
                    </header>
                  </div>
                </Header>
              </Route>
            </withRouter(Header)>
            <h2
              className="versusHeader"
            >
              Waiting for Opponent...
            </h2>
            <div
              className="progress"
            >
              <h4>
                Progress &gt;&gt;
              </h4>
              <ul
                className="shipCounter"
              />
            </div>
            <div
              className="grid-box"
            />
            <ForwardRef
              onClick={[Function]}
            >
              <button
                className="Button"
                onClick={[Function]}
              >
                Back
              </button>
            </ForwardRef>
            <Footer>
              <footer>
                Copyright Â© since 2020
              </footer>
            </Footer>
          </div>
        </GameBoard>
      </Route>
    </withRouter(GameBoard)>
  </Router>
</BrowserRouter>
`;
