// Jest Snapshot v1, https://goo.gl/fbAQLP

exports[`GameHistory component Displays the 'GameHistory' component when rendered 1`] = `
<BrowserRouter>
  <Router
    history={
      Object {
        "action": "POP",
        "block": [Function],
        "createHref": [Function],
        "go": [Function],
        "goBack": [Function],
        "goForward": [Function],
        "length": 1,
        "listen": [Function],
        "location": Object {
          "hash": "",
          "pathname": "/",
          "search": "",
          "state": undefined,
        },
        "push": [Function],
        "replace": [Function],
      }
    }
  >
    <withRouter(GameHistory)>
      <Route>
        <GameHistory
          history={
            Object {
              "action": "POP",
              "block": [Function],
              "createHref": [Function],
              "go": [Function],
              "goBack": [Function],
              "goForward": [Function],
              "length": 1,
              "listen": [Function],
              "location": Object {
                "hash": "",
                "pathname": "/",
                "search": "",
                "state": undefined,
              },
              "push": [Function],
              "replace": [Function],
            }
          }
          location={
            Object {
              "hash": "",
              "pathname": "/",
              "search": "",
              "state": undefined,
            }
          }
          match={
            Object {
              "isExact": true,
              "params": Object {},
              "path": "/",
              "url": "/",
            }
          }
        >
          <div
            className="gameHistory"
          >
            <withRouter(Header)>
              <Route>
                <Header
                  history={
                    Object {
                      "action": "POP",
                      "block": [Function],
                      "createHref": [Function],
                      "go": [Function],
                      "goBack": [Function],
                      "goForward": [Function],
                      "length": 1,
                      "listen": [Function],
                      "location": Object {
                        "hash": "",
                        "pathname": "/",
                        "search": "",
                        "state": undefined,
                      },
                      "push": [Function],
                      "replace": [Function],
                    }
                  }
                  location={
                    Object {
                      "hash": "",
                      "pathname": "/",
                      "search": "",
                      "state": undefined,
                    }
                  }
                  match={
                    Object {
                      "isExact": true,
                      "params": Object {},
                      "path": "/",
                      "url": "/",
                    }
                  }
                >
                  <div>
                    <Banner>
                      <div
                        className="banner"
                      >
                        <h1>
                          BATTLESHIP
                        </h1>
                      </div>
                    </Banner>
                    <header
                      className="main-header"
                    >
                      <ForwardRef
                        onClick={[Function]}
                      >
                        <button
                          className="Button"
                          onClick={[Function]}
                        >
                           Dashboard
                        </button>
                      </ForwardRef>
                      <ForwardRef
                        onClick={[Function]}
                      >
                        <button
                          className="Button"
                          onClick={[Function]}
                        >
                           Help
                        </button>
                      </ForwardRef>
                      <ForwardRef
                        onClick={[Function]}
                      >
                        <button
                          className="Button"
                          onClick={[Function]}
                        >
                          Logout
                        </button>
                      </ForwardRef>
                    </header>
                  </div>
                </Header>
              </Route>
            </withRouter(Header)>
            <h1>
              Game History
            </h1>
            <ul
              className="game-history-list"
            >
              No game history availiable
            </ul>
            <Footer>
              <footer />
            </Footer>
          </div>
        </GameHistory>
      </Route>
    </withRouter(GameHistory)>
  </Router>
</BrowserRouter>
`;
